  Determining projects to restore...
  All projects are up-to-date for restore.
  Caro.Core -> C:\Users\lavantien\dev\caro-assistantcode\backend\src\Caro.Core\bin\Debug\net10.0\Caro.Core.dll
  Caro.Core.Tests -> C:\Users\lavantien\dev\caro-assistantcode\backend\tests\Caro.Core.Tests\bin\Debug\net10.0\Caro.Core.Tests.dll
Test run for C:\Users\lavantien\dev\caro-assistantcode\backend\tests\Caro.Core.Tests\bin\Debug\net10.0\Caro.Core.Tests.dll (.NETCoreApp,Version=v10.0)
VSTest version 18.0.1 (x64)

Starting test execution, please wait...
A total of 1 test files matched the specified pattern.
[xUnit.net 00:00:10.55]     Caro.Core.Tests.GameLogic.AspirationWindowTests.AspirationWindows_WorksWithIterativeDeepening [FAIL]
  Failed Caro.Core.Tests.GameLogic.AspirationWindowTests.AspirationWindows_WorksWithIterativeDeepening [10 s]
  Error Message:
   Expert search took 10040ms, expected < 10000ms
  Stack Trace:
     at Caro.Core.Tests.GameLogic.AspirationWindowTests.AspirationWindows_WorksWithIterativeDeepening() in C:\Users\lavantien\dev\caro-assistantcode\backend\tests\Caro.Core.Tests\GameLogic\AspirationWindowTests.cs:line 80
   at System.Reflection.MethodBaseInvoker.InterpretedInvoke_Method(Object obj, IntPtr* args)
   at System.Reflection.MethodBaseInvoker.InvokeWithNoArgs(Object obj, BindingFlags invokeAttr)
  Standard Output Messages:
 Move: (6, 7), Time: 10040ms



Failed!  - Failed:     1, Passed:     0, Skipped:     0, Total:     1, Duration: 10 s - Caro.Core.Tests.dll (net10.0)
